  ✓ T1_EXEC_ENV: 1 yer
  ✓ T2_EXEC_FAPI: 1 yer
  ✓ T3_EXACT_AUTHORITY: 1 yer
  ✓ T4_V45_SELECTOR: 1 yer
  ✓ T5_CREDS_RESOLVER: 1 yer
  ✓ T5b_bAlgo_CREDS: 1 yer
  ✓ T5c_bReq_CREDS: 1 yer
  ✓ T6_SONDA_SILINDI: 524 satir -> 12 satir saplama
  ✓ T6b_ESKI_PREEMPT_KALDIRILDI
  ✓ T7_IS_PROBE_SYMBOL: 1 yer
  ✓ T8_ACILIS_PARITE_KAPISI_EKLENDI
  ✓ T9_ORDER_HARD_BLOCK: 1 yer
  ✓ T10_BUILD_ADI: 1 yer
  ✓ T11_BUNDLE_PROBE: 1 yer
  ✓ T11b_BUNDLE_ENTRY: 1 yer
  ✓ T11c_BUNDLE_STATUS: 1 yer
  ✓ T11d_BUNDLE_OKU: 1 yer
  ✓ T12_OLU_REFERANS_TARAMASI: 23 silinen ad, 0 kalinti
  ✓ T13_V502_BUILD_ADI: 1 yer
  ✓ T14_V502_LEV_LOCK_BAS: 1 yer
  ✓ T15_V502_R283_EXACT_BYPASS: 1 yer
  ✓ T16_V502_GATE_MARKER: 1 yer
  ✓ T16b_V502_GATE_CHECK: 1 yer
  ✓ T17_V502_BLOCKER6: 1 yer

  kaynak : server.js  27852 satir  sha c0948fb161630101
  cikti  : server.rebuilt.js  27454 satir  sha 16b2baf3cba97a4f
  dogrulama: 11/11 GECTI
